========== START ==========
base_dir=E:\Code\AI\舒尔特方格表\schulte-web\Schulte-Game
cwd=E:\Code\AI\舒尔特方格表\schulte-web\Schulte-Game
[OK] app loaded, starting uvicorn...
[OK] port 8000 is listening, opening browser.
========== START ==========
base_dir=E:\Code\AI\舒尔特方格表\schulte-web\Schulte-Game
cwd=E:\Code\AI\舒尔特方格表\schulte-web\Schulte-Game
[OK] app loaded, starting uvicorn...
[OK] port 8000 is listening, opening browser.
========== START ==========
base_dir=E:\Code\AI\舒尔特方格表\schulte-web\Schulte-Game
cwd=E:\Code\AI\舒尔特方格表\schulte-web\Schulte-Game
[OK] app loaded, starting uvicorn...
[OK] port 8000 is listening, opening browser.
========== START ==========
base_dir=E:\Code\AI\舒尔特方格表\schulte-web\Schulte-Game
cwd=E:\Code\AI\舒尔特方格表\schulte-web\Schulte-Game
[OK] app loaded, starting uvicorn...
[OK] port 8000 is listening, opening browser.
